// Jest Snapshot v1, https://goo.gl/fbAQLP

exports[`Should render with title 1`] = `
<header
  className="MuiPaper-root-13 MuiPaper-elevation4-19 MuiAppBar-root-4 MuiAppBar-positionStatic-8 MuiAppBar-colorPrimary-11"
>
  <div
    className="MuiToolbar-root-40 MuiToolbar-regular-42 MuiToolbar-gutters-41"
  >
    <a
      aria-label="Home"
      className="MuiButtonBase-root-50 MuiIconButton-root-44 MuiIconButton-colorInherit-45 Menu-menuButton-2"
      href="/"
      onBlur={[Function]}
      onClick={[Function]}
      onContextMenu={[Function]}
      onFocus={[Function]}
      onKeyDown={[Function]}
      onKeyUp={[Function]}
      onMouseDown={[Function]}
      onMouseLeave={[Function]}
      onMouseUp={[Function]}
      onTouchEnd={[Function]}
      onTouchMove={[Function]}
      onTouchStart={[Function]}
      role="button"
      tabIndex="0"
    >
      <span
        className="MuiIconButton-label-49"
      >
        <svg
          aria-hidden="true"
          className="MuiSvgIcon-root-53"
          focusable="false"
          role="presentation"
          viewBox="0 0 24 24"
        >
          <path
            d="M10 20v-6h4v6h5v-8h3L12 3 2 12h3v8z"
          />
          <path
            d="M0 0h24v24H0z"
            fill="none"
          />
        </svg>
      </span>
      <span
        className="MuiTouchRipple-root-98"
      />
    </a>
    <h6
      className="MuiTypography-root-62 MuiTypography-h6-79 MuiTypography-colorInherit-91 Menu-flex-1"
    >
      test
    </h6>
    <div
      className="Menu-buttons-3"
    />
  </div>
</header>
`;
