// Jest Snapshot v1, https://goo.gl/fbAQLP

exports[`PlayersGrid Should render players 1`] = `
<div
  className="MuiGrid-container-1 MuiGrid-spacing-xs-16-24"
>
  <div
    className="MuiGrid-item-2"
  >
    <div
      className="MuiPaper-root-99 MuiPaper-elevation1-102 MuiPaper-rounded-100 MuiCard-root-98"
    >
      <div />
      <div
        className="MuiCardContent-root-126"
      >
        <h3
          className="MuiTypography-root-127 MuiTypography-h5-143 MuiTypography-gutterBottom-154"
        >
          nick
           - 
          name
        </h3>
      </div>
      <div
        className="MuiCardActions-root-163"
      >
        <div
          className="MuiCardActions-action-165"
        >
          <div
            className="MuiFormControl-root-166 MuiFormControl-marginDense-168"
            lable="Ranking"
          >
            <div
              className="MuiInputBase-root-183 MuiInput-root-170 MuiInput-underline-174 MuiInputBase-formControl-184 MuiInput-formControl-171 MuiInputBase-marginDense-190"
              onClick={[Function]}
            >
              <input
                aria-invalid={false}
                className="MuiInputBase-input-193 MuiInput-input-178 MuiInputBase-inputType-196 MuiInput-inputType-181 MuiInputBase-inputMarginDense-194 MuiInput-inputMarginDense-179"
                disabled={false}
                onBlur={[Function]}
                onChange={[Function]}
                onFocus={[Function]}
                required={false}
                type="number"
                value={42}
              />
            </div>
            <p
              className="MuiFormHelperText-root-200 MuiFormHelperText-marginDense-203 MuiFormHelperText-filled-206"
            >
              Ranking
            </p>
          </div>
          <button
            className="MuiButtonBase-root-234 MuiButton-root-208 MuiButton-outlined-216"
            disabled={false}
            onBlur={[Function]}
            onClick={[Function]}
            onContextMenu={[Function]}
            onFocus={[Function]}
            onKeyDown={[Function]}
            onKeyUp={[Function]}
            onMouseDown={[Function]}
            onMouseLeave={[Function]}
            onMouseUp={[Function]}
            onTouchEnd={[Function]}
            onTouchMove={[Function]}
            onTouchStart={[Function]}
            tabIndex="0"
            type="button"
          >
            <span
              className="MuiButton-label-209"
            >
              Add
            </span>
            <span
              className="MuiTouchRipple-root-237"
            />
          </button>
        </div>
      </div>
    </div>
  </div>
  <div
    className="MuiGrid-item-2"
  >
    <div
      className="MuiPaper-root-99 MuiPaper-elevation1-102 MuiPaper-rounded-100 MuiCard-root-98"
    >
      <div
        className="MuiCardContent-root-126"
      >
        <div
          className="MuiGrid-container-1 MuiGrid-direction-xs-column-4"
        >
          <div
            className="MuiGrid-item-2"
          >
            <div
              className="MuiFormControl-root-166"
              lable="Name"
            >
              <div
                className="MuiInputBase-root-183 MuiInput-root-170 MuiInput-underline-174 MuiInputBase-formControl-184 MuiInput-formControl-171"
                onClick={[Function]}
              >
                <input
                  aria-invalid={false}
                  className="MuiInputBase-input-193 MuiInput-input-178"
                  disabled={false}
                  onBlur={[Function]}
                  onChange={[Function]}
                  onFocus={[Function]}
                  required={false}
                  type="text"
                  value=""
                />
              </div>
              <p
                className="MuiFormHelperText-root-200"
              >
                Name
              </p>
            </div>
          </div>
          <div
            className="MuiGrid-item-2"
          >
            <div
              className="MuiFormControl-root-166"
              lable="Nickname"
            >
              <div
                className="MuiInputBase-root-183 MuiInput-root-170 MuiInput-underline-174 MuiInputBase-formControl-184 MuiInput-formControl-171"
                onClick={[Function]}
              >
                <input
                  aria-invalid={false}
                  className="MuiInputBase-input-193 MuiInput-input-178"
                  disabled={false}
                  onBlur={[Function]}
                  onChange={[Function]}
                  onFocus={[Function]}
                  required={false}
                  type="text"
                  value=""
                />
              </div>
              <p
                className="MuiFormHelperText-root-200"
              >
                Nickname
              </p>
            </div>
          </div>
        </div>
      </div>
      <div
        className="MuiCardActions-root-163"
      >
        <button
          className="MuiButtonBase-root-234 MuiButton-root-208 MuiButton-outlined-216 MuiCardActions-action-165"
          disabled={false}
          onBlur={[Function]}
          onClick={[Function]}
          onContextMenu={[Function]}
          onFocus={[Function]}
          onKeyDown={[Function]}
          onKeyUp={[Function]}
          onMouseDown={[Function]}
          onMouseLeave={[Function]}
          onMouseUp={[Function]}
          onTouchEnd={[Function]}
          onTouchMove={[Function]}
          onTouchStart={[Function]}
          tabIndex="0"
          type="button"
        >
          <span
            className="MuiButton-label-209"
          >
            Create
          </span>
          <span
            className="MuiTouchRipple-root-237"
          />
        </button>
      </div>
    </div>
  </div>
</div>
`;
